=== Base mainnet contract inventory ===

Label                                  Address                                      Live  Bytes  Owner
---------------------------------------------------------------------------------------------------------
canonical:agentRegistryV2               0xb9996de05fD514A0cB2B81fa25448EECD4559Aaa  ✅   21966  0x800e305A0caDdE6289dFDFEDF38218f45C06F72C
canonical:reputationManagerV3           0xf19b1780A84668C8dfB6b4E84C08e457dB3B0527  ✅   11012  0x800e305A0caDdE6289dFDFEDF38218f45C06F72C
canonical:usdc                          0x833589fCD6eDb6E08f4c7C32D4f71b54bdA02913  ✅    3706  0x3ABd6f64A422225E61E435baE41db12096106df7
canonical:agentLiquidityMarketplace     0xd7b4dEE74C61844DFA75aEbe224e4635463b1C8f  ✅   18510  0x800e305A0caDdE6289dFDFEDF38218f45C06F72C
canonical:deployer                      0x800e305A0caDdE6289dFDFEDF38218f45C06F72C  ❌       2  -
stale:agentRegistryV2_old               0xbd8210061bF24917Ca2F8098A1F3A4f76adA31fb  ✅   21966  0x656086A21073272533c8A3f56A94c1f3D8BCFcE2
stale:reputationManagerV3_old           0xe4D78A509daa8dc8bFB453cb76d61f1Cb1c4C3fF  ✅   11012  0x656086A21073272533c8A3f56A94c1f3D8BCFcE2
stale:agentLiquidityMarketplace_old     0x77f8D49C706A566Eecc9a2C3DD6556D5be54CACE  ✅   18510  0x656086A21073272533c8A3f56A94c1f3D8BCFcE2
stale:depositRouter_old                 0x771c293167AeD146EC4f56479056645Be46a0275  ✅    8616  0x656086A21073272533c8A3f56A94c1f3D8BCFcE2
stale:validationRegistry_old            0x5194D976F2f1B59C0500cDe1e54A362d9BB9124B  ✅   17150  0x656086A21073272533c8A3f56A94c1f3D8BCFcE2

→ /tmp/phase4_f_inventory.json

=== Stale marketplace residual state ===
  0x77f8D49C706A566Eecc9a2C3DD6556D5be54CACE:
    USDC : 60.505475
    ETH  : 0.0
  0xd7b4dEE74C61844DFA75aEbe224e4635463b1C8f:
    USDC : 1.5
    ETH  : 0.0
